// Jest Snapshot v1, https://goo.gl/fbAQLP

exports[`the dangerfile gitDSL - BitBucket Server sets up commit data correctly 1`] = `
Object {
  "author": Object {
    "date": "2018-02-24T03:19:01.000Z",
    "email": "foo@bar.com",
    "name": "danger",
  },
  "committer": Object {
    "date": "2018-02-24T03:19:01.000Z",
    "email": "foo@bar.com",
    "name": "danger",
  },
  "message": "Modify and remove files",
  "parents": Array [
    "c62ada76533a2de045d4c6062988ba84df140729",
  ],
  "sha": "d6725486c38d46a33e76f622cf24b9a388c8d13d",
  "tree": null,
  "url": "fake://host/artsy/emission/commits/d6725486c38d46a33e76f622cf24b9a388c8d13d",
}
`;

exports[`the dangerfile gitDSL - BitBucket Server should include \`added\` text content of the file 1`] = `""`;

exports[`the dangerfile gitDSL - BitBucket Server should include \`after\` text content of the file 1`] = `"{\\"path\\":\\".gitignore\\",\\"repoSlug\\":\\"projects/PROJ/repos/repo\\",\\"ref\\":\\"d6725486c38d46a33e76f622cf24b9a388c8d13d\\"}"`;

exports[`the dangerfile gitDSL - BitBucket Server should include \`before\` text content of the file 1`] = `"{\\"path\\":\\".gitignore\\",\\"repoSlug\\":\\"projects/PROJ/repos/repo\\",\\"ref\\":\\"8942a1f75e4c95df836f19ef681d20a87da2ee20\\"}"`;

exports[`the dangerfile gitDSL - BitBucket Server should not include \`removed\` text content of the file 1`] = `""`;

exports[`the dangerfile gitDSL - BitBucket Server shows the diff for a specific file 1`] = `"node_modules*.log/test.py/.vscode.DS_Storecoverage.idea__pycache__/*.pyc*.swp"`;

exports[`the dangerfile gitDSL - BitBucket Server shows the structured diff for a specific file 1`] = `
Array [
  Object {
    "changes": Array [
      Object {
        "content": "node_modules",
        "ln1": 1,
        "ln2": 1,
        "normal": true,
        "type": "normal",
      },
      Object {
        "content": "*.log",
        "ln1": 2,
        "ln2": 2,
        "normal": true,
        "type": "normal",
      },
      Object {
        "content": "/test.py",
        "ln1": 3,
        "ln2": 3,
        "normal": true,
        "type": "normal",
      },
      Object {
        "content": "/.vscode",
        "ln1": 4,
        "ln2": 4,
        "normal": true,
        "type": "normal",
      },
      Object {
        "content": ".DS_Store",
        "ln1": 5,
        "ln2": 5,
        "normal": true,
        "type": "normal",
      },
      Object {
        "content": "coverage",
        "ln1": 6,
        "ln2": 6,
        "normal": true,
        "type": "normal",
      },
      Object {
        "content": ".idea",
        "ln1": 7,
        "ln2": 7,
        "normal": true,
        "type": "normal",
      },
      Object {
        "content": "__pycache__/",
        "ln1": 8,
        "ln2": 8,
        "normal": true,
        "type": "normal",
      },
      Object {
        "content": "*.pyc",
        "ln1": 9,
        "ln2": 9,
        "normal": true,
        "type": "normal",
      },
      Object {
        "add": true,
        "content": "",
        "ln": 10,
        "type": "add",
      },
      Object {
        "content": "*.swp",
        "ln1": 10,
        "ln2": 11,
        "normal": true,
        "type": "normal",
      },
    ],
    "content": "@@ -1,10 +1,11 @@",
    "newLines": 11,
    "newStart": 1,
    "oldLines": 10,
    "oldStart": 1,
  },
]
`;
