// Jest Snapshot v1, https://goo.gl/fbAQLP

exports[`generating messages for BitBucket cloud summary result matches snapshot 1`] = `
"
  ⚠️  Danger found some issues. Don't worry, everything is fixable.

  

  |      1 Fails |
  | --- |
  | ❌ Failing message Failing message |

  
  

  |      1 Warnings |
  | --- |
  | ⚠️ Warning message Warning message |

  
  

  |      1 Messages |
  | --- |
  | ✨ message |

  
  
  markdown
  
  


  _Generated by ⚠️ [dangerJS](https://danger.systems/js) against e70f3d6468f61a4bef68c9e6eaba9166b096e23c
  
  
  [](http://danger-id-blankID;)
  "
`;
