// Jest Snapshot v1, https://goo.gl/fbAQLP

exports[`generating messages for BitBucket server summary result matches snapshot 1`] = `
"

| ❌ | Fails
| --- | --- |

> Failing message Failing message


| ⚠️ | Warnings
| --- | --- |

> Warning message Warning message


| ✨ | Messages
| --- | --- |

> message


markdown


|    |
|---:|
| _Generated by ❌ [dangerJS](http://github.com/danger/danger-js/)_ |


[](http://danger-id-blankID;)
"
`;
